<!DOCTYPE html>
<html lang="en">
<head>
  <meta http-equiv="content-type" content="text/html; charset=utf-8">
  <meta name="robots" content="NONE,NOARCHIVE">
  <title>DisallowedHost
          at /api/auth/login/</title>
  <style>
    html * { padding:0; margin:0; }
    body * { padding:10px 20px; }
    body * * { padding:0; }
    body { font-family: sans-serif; background-color:#fff; color:#000; }
    body > :where(header, main, footer) { border-bottom:1px solid #ddd; }
    h1 { font-weight:normal; }
    h2 { margin-bottom:.8em; }
    h3 { margin:1em 0 .5em 0; }
    h4 { margin:0 0 .5em 0; font-weight: normal; }
    code, pre { font-size: 100%; white-space: pre-wrap; word-break: break-word; }
    summary { cursor: pointer; }
    table { border:1px solid #ccc; border-collapse: collapse; width:100%; background:white; }
    tbody td, tbody th { vertical-align:top; padding:2px 3px; }
    thead th {
      padding:1px 6px 1px 3px; background:#fefefe; text-align:left;
      font-weight:normal; font-size: 0.6875rem; border:1px solid #ddd;
    }
    tbody th { width:12em; text-align:right; color:#666; padding-right:.5em; }
    table.vars { margin:5px 10px 2px 40px; width: auto; }
    table.vars td, table.req td { font-family:monospace; }
    table td.code { width:100%; }
    table td.code pre { overflow:hidden; }
    table.source th { color:#666; }
    table.source td { font-family:monospace; white-space:pre; border-bottom:1px solid #eee; }
    ul.traceback { list-style-type:none; color: #222; }
    ul.traceback li.cause { word-break: break-word; }
    ul.traceback li.frame { padding-bottom:1em; color:#4f4f4f; }
    ul.traceback li.user { background-color:#e0e0e0; color:#000 }
    div.context { padding:10px 0; overflow:hidden; }
    div.context ol { padding-left:30px; margin:0 10px; list-style-position: inside; }
    div.context ol li { font-family:monospace; white-space:pre; color:#777; cursor:pointer; padding-left: 2px; }
    div.context ol li pre { display:inline; }
    div.context ol.context-line li { color:#464646; background-color:#dfdfdf; padding: 3px 2px; }
    div.context ol.context-line li span { position:absolute; right:32px; }
    .user div.context ol.context-line li { background-color:#bbb; color:#000; }
    .user div.context ol li { color:#666; }
    div.commands, summary.commands { margin-left: 40px; }
    div.commands a, summary.commands { color:#555; text-decoration:none; }
    .user div.commands a { color: black; }
    #summary { background: #ffc; }
    #summary h2 { font-weight: normal; color: #666; }
    #info { padding: 0; }
    #info > * { padding:10px 20px; }
    #explanation { background:#eee; }
    #template, #template-not-exist { background:#f6f6f6; }
    #template-not-exist ul { margin: 0 0 10px 20px; }
    #template-not-exist .postmortem-section { margin-bottom: 3px; }
    #unicode-hint { background:#eee; }
    #traceback { background:#eee; }
    #requestinfo { background:#f6f6f6; padding-left:120px; }
    #summary table { border:none; background:transparent; }
    #requestinfo h2, #requestinfo h3 { position:relative; margin-left:-100px; }
    #requestinfo h3 { margin-bottom:-1em; }
    .error { background: #ffc; }
    .specific { color:#cc3300; font-weight:bold; }
    h2 span.commands { font-size: 0.7rem; font-weight:normal; }
    span.commands a:link {color:#5E5694;}
    pre.exception_value { font-family: sans-serif; color: #575757; font-size: 1.5rem; margin: 10px 0 10px 0; }
    .append-bottom { margin-bottom: 10px; }
    .fname { user-select: all; }
  </style>
  
  <script>
    function hideAll(elems) {
      for (var e = 0; e < elems.length; e++) {
        elems[e].style.display = 'none';
      }
    }
    window.onload = function() {
      hideAll(document.querySelectorAll('ol.pre-context'));
      hideAll(document.querySelectorAll('ol.post-context'));
      hideAll(document.querySelectorAll('div.pastebin'));
    }
    function toggle() {
      for (var i = 0; i < arguments.length; i++) {
        var e = document.getElementById(arguments[i]);
        if (e) {
          e.style.display = e.style.display == 'none' ? 'block': 'none';
        }
      }
      return false;
    }
    function switchPastebinFriendly(link) {
      s1 = "Switch to copy-and-paste view";
      s2 = "Switch back to interactive view";
      link.textContent = link.textContent.trim() == s1 ? s2: s1;
      toggle('browserTraceback', 'pastebinTraceback');
      return false;
    }
  </script>
  
</head>
<body>
<header id="summary">
  <h1>DisallowedHost
       at /api/auth/login/</h1>
  <pre class="exception_value">Invalid HTTP_HOST header: &#x27;testserver&#x27;. You may need to add &#x27;testserver&#x27; to ALLOWED_HOSTS.</pre>
  <table class="meta">

    <tr>
      <th scope="row">Request Method:</th>
      <td>POST</td>
    </tr>
    <tr>
      <th scope="row">Request URL:</th>
      <td>http://testserver/api/auth/login/</td>
    </tr>

    <tr>
      <th scope="row">Django Version:</th>
      <td>6.0.7</td>
    </tr>

    <tr>
      <th scope="row">Exception Type:</th>
      <td>DisallowedHost</td>
    </tr>


    <tr>
      <th scope="row">Exception Value:</th>
      <td><pre>Invalid HTTP_HOST header: &#x27;testserver&#x27;. You may need to add &#x27;testserver&#x27; to ALLOWED_HOSTS.</pre></td>
    </tr>


    <tr>
      <th scope="row">Exception Location:</th>
      <td><span class="fname">C:\Users\deepa\.gemini\antigravity\scratch\venv\Lib\site-packages\django\http\request.py</span>, line 206, in get_host</td>
    </tr>


    <tr>
      <th scope="row">Raised during:</th>
      <td>api.views.LoginView</td>
    </tr>

    <tr>
      <th scope="row">Python Executable:</th>
      <td>C:\Users\deepa\.gemini\antigravity\scratch\venv\Scripts\python.exe</td>
    </tr>
    <tr>
      <th scope="row">Python Version:</th>
      <td>3.12.5</td>
    </tr>
    <tr>
      <th scope="row">Python Path:</th>
      <td><pre><code>[&#x27;C:\\Users\\deepa\\.gemini\\antigravity\\scratch\\backend&#x27;,
 &#x27;C:\\Program Files\\Python312\\python312.zip&#x27;,
 &#x27;C:\\Program Files\\Python312\\DLLs&#x27;,
 &#x27;C:\\Program Files\\Python312\\Lib&#x27;,
 &#x27;C:\\Program Files\\Python312&#x27;,
 &#x27;C:\\Users\\deepa\\.gemini\\antigravity\\scratch\\venv&#x27;,
 &#x27;C:\\Users\\deepa\\.gemini\\antigravity\\scratch\\venv\\Lib\\site-packages&#x27;]</code></pre></td>
    </tr>
    <tr>
      <th scope="row">Server time:</th>
      <td>Thu, 09 Jul 2026 18:12:34 +0000</td>
    </tr>
  </table>
</header>

<main id="info">




<div id="traceback">
  <h2>Traceback <span class="commands"><a href="#" role="button" onclick="return switchPastebinFriendly(this);">
    Switch to copy-and-paste view</a></span>
  </h2>
  <div id="browserTraceback">
    <ul class="traceback">
      
        
        <li class="frame django">
          
            <code class="fname">C:\Users\deepa\.gemini\antigravity\scratch\venv\Lib\site-packages\django\core\handlers\exception.py</code>, line 55, in inner
          

          
            <div class="context" id="c1765042066368">
              
                <ol start="48" class="pre-context" id="pre1765042066368">
                
                  <li onclick="toggle('pre1765042066368', 'post1765042066368')"><pre></pre></li>
                
                  <li onclick="toggle('pre1765042066368', 'post1765042066368')"><pre>        return inner</pre></li>
                
                  <li onclick="toggle('pre1765042066368', 'post1765042066368')"><pre>    else:</pre></li>
                
                  <li onclick="toggle('pre1765042066368', 'post1765042066368')"><pre></pre></li>
                
                  <li onclick="toggle('pre1765042066368', 'post1765042066368')"><pre>        @wraps(get_response)</pre></li>
                
                  <li onclick="toggle('pre1765042066368', 'post1765042066368')"><pre>        def inner(request):</pre></li>
                
                  <li onclick="toggle('pre1765042066368', 'post1765042066368')"><pre>            try:</pre></li>
                
                </ol>
              
              <ol start="55" class="context-line">
                <li onclick="toggle('pre1765042066368', 'post1765042066368')"><pre>                response = get_response(request)
                               ^^^^^^^^^^^^^^^^^^^^^</pre> <span>…</span></li>
              </ol>
              
                <ol start='56' class="post-context" id="post1765042066368">
                  
                  <li onclick="toggle('pre1765042066368', 'post1765042066368')"><pre>            except Exception as exc:</pre></li>
                  
                  <li onclick="toggle('pre1765042066368', 'post1765042066368')"><pre>                response = response_for_exception(request, exc)</pre></li>
                  
                  <li onclick="toggle('pre1765042066368', 'post1765042066368')"><pre>            return response</pre></li>
                  
                  <li onclick="toggle('pre1765042066368', 'post1765042066368')"><pre></pre></li>
                  
                  <li onclick="toggle('pre1765042066368', 'post1765042066368')"><pre>        return inner</pre></li>
                  
                  <li onclick="toggle('pre1765042066368', 'post1765042066368')"><pre></pre></li>
                  
              </ol>
              
            </div>
          

          
            
              <details>
                <summary class="commands">Local vars</summary>
            
            <table class="vars" id="v1765042066368">
              <thead>
                <tr>
                  <th scope="col">Variable</th>
                  <th scope="col">Value</th>
                </tr>
              </thead>
              <tbody>
                
                  <tr>
                    <td>exc</td>
                    <td class="code"><pre>DisallowedHost(&quot;Invalid HTTP_HOST header: &#x27;testserver&#x27;. You may need to add &#x27;testserver&#x27; to ALLOWED_HOSTS.&quot;)</pre></td>
                  </tr>
                
                  <tr>
                    <td>get_response</td>
                    <td class="code"><pre>&lt;CommonMiddleware get_response=convert_exception_to_response.&lt;locals&gt;.inner&gt;</pre></td>
                  </tr>
                
                  <tr>
                    <td>request</td>
                    <td class="code"><pre>&lt;WSGIRequest: POST &#x27;/api/auth/login/&#x27;&gt;</pre></td>
                  </tr>
                
              </tbody>
            </table>
            </details>
          
        </li>
      
        
        <li class="frame django">
          
            <code class="fname">C:\Users\deepa\.gemini\antigravity\scratch\venv\Lib\site-packages\django\utils\deprecation.py</code>, line 308, in __call__
          

          
            <div class="context" id="c1765042066304">
              
                <ol start="301" class="pre-context" id="pre1765042066304">
                
                  <li onclick="toggle('pre1765042066304', 'post1765042066304')"><pre></pre></li>
                
                  <li onclick="toggle('pre1765042066304', 'post1765042066304')"><pre>    def __call__(self, request):</pre></li>
                
                  <li onclick="toggle('pre1765042066304', 'post1765042066304')"><pre>        # Exit out to async mode, if needed</pre></li>
                
                  <li onclick="toggle('pre1765042066304', 'post1765042066304')"><pre>        if self.async_mode:</pre></li>
                
                  <li onclick="toggle('pre1765042066304', 'post1765042066304')"><pre>            return self.__acall__(request)</pre></li>
                
                  <li onclick="toggle('pre1765042066304', 'post1765042066304')"><pre>        response = None</pre></li>
                
                  <li onclick="toggle('pre1765042066304', 'post1765042066304')"><pre>        if hasattr(self, &quot;process_request&quot;):</pre></li>
                
                </ol>
              
              <ol start="308" class="context-line">
                <li onclick="toggle('pre1765042066304', 'post1765042066304')"><pre>            response = self.process_request(request)
                            ^^^^^^^^^^^^^^^^^^^^^^^^^^^^^</pre> <span>…</span></li>
              </ol>
              
                <ol start='309' class="post-context" id="post1765042066304">
                  
                  <li onclick="toggle('pre1765042066304', 'post1765042066304')"><pre>        response = response or self.get_response(request)</pre></li>
                  
                  <li onclick="toggle('pre1765042066304', 'post1765042066304')"><pre>        if hasattr(self, &quot;process_response&quot;):</pre></li>
                  
                  <li onclick="toggle('pre1765042066304', 'post1765042066304')"><pre>            response = self.process_response(request, response)</pre></li>
                  
                  <li onclick="toggle('pre1765042066304', 'post1765042066304')"><pre>        return response</pre></li>
                  
                  <li onclick="toggle('pre1765042066304', 'post1765042066304')"><pre></pre></li>
                  
                  <li onclick="toggle('pre1765042066304', 'post1765042066304')"><pre>    async def __acall__(self, request):</pre></li>
                  
              </ol>
              
            </div>
          

          
            
              <details>
                <summary class="commands">Local vars</summary>
            
            <table class="vars" id="v1765042066304">
              <thead>
                <tr>
                  <th scope="col">Variable</th>
                  <th scope="col">Value</th>
                </tr>
              </thead>
              <tbody>
                
                  <tr>
                    <td>request</td>
                    <td class="code"><pre>&lt;WSGIRequest: POST &#x27;/api/auth/login/&#x27;&gt;</pre></td>
                  </tr>
                
                  <tr>
                    <td>response</td>
                    <td class="code"><pre>None</pre></td>
                  </tr>
                
                  <tr>
                    <td>self</td>
                    <td class="code"><pre>&lt;CommonMiddleware get_response=convert_exception_to_response.&lt;locals&gt;.inner&gt;</pre></td>
                  </tr>
                
              </tbody>
            </table>
            </details>
          
        </li>
      
        
        <li class="frame django">
          
            <code class="fname">C:\Users\deepa\.gemini\antigravity\scratch\venv\Lib\site-packages\django\middleware\common.py</code>, line 48, in process_request
          

          
            <div class="context" id="c1765042064256">
              
                <ol start="41" class="pre-context" id="pre1765042064256">
                
                  <li onclick="toggle('pre1765042064256', 'post1765042064256')"><pre>        user_agent = request.META.get(&quot;HTTP_USER_AGENT&quot;)</pre></li>
                
                  <li onclick="toggle('pre1765042064256', 'post1765042064256')"><pre>        if user_agent is not None:</pre></li>
                
                  <li onclick="toggle('pre1765042064256', 'post1765042064256')"><pre>            for user_agent_regex in settings.DISALLOWED_USER_AGENTS:</pre></li>
                
                  <li onclick="toggle('pre1765042064256', 'post1765042064256')"><pre>                if user_agent_regex.search(user_agent):</pre></li>
                
                  <li onclick="toggle('pre1765042064256', 'post1765042064256')"><pre>                    raise PermissionDenied(&quot;Forbidden user agent&quot;)</pre></li>
                
                  <li onclick="toggle('pre1765042064256', 'post1765042064256')"><pre></pre></li>
                
                  <li onclick="toggle('pre1765042064256', 'post1765042064256')"><pre>        # Check for a redirect based on settings.PREPEND_WWW</pre></li>
                
                </ol>
              
              <ol start="48" class="context-line">
                <li onclick="toggle('pre1765042064256', 'post1765042064256')"><pre>        host = request.get_host()
                   ^^^^^^^^^^^^^^^^^^</pre> <span>…</span></li>
              </ol>
              
                <ol start='49' class="post-context" id="post1765042064256">
                  
                  <li onclick="toggle('pre1765042064256', 'post1765042064256')"><pre></pre></li>
                  
                  <li onclick="toggle('pre1765042064256', 'post1765042064256')"><pre>        if settings.PREPEND_WWW and host and not host.startswith(&quot;www.&quot;):</pre></li>
                  
                  <li onclick="toggle('pre1765042064256', 'post1765042064256')"><pre>            # Check if we also need to append a slash so we can do it all</pre></li>
                  
                  <li onclick="toggle('pre1765042064256', 'post1765042064256')"><pre>            # with a single redirect. (This check may be somewhat expensive,</pre></li>
                  
                  <li onclick="toggle('pre1765042064256', 'post1765042064256')"><pre>            # so we only do it if we already know we&#x27;re sending a redirect,</pre></li>
                  
                  <li onclick="toggle('pre1765042064256', 'post1765042064256')"><pre>            # or in process_response if we get a 404.)</pre></li>
                  
              </ol>
              
            </div>
          

          
            
              <details>
                <summary class="commands">Local vars</summary>
            
            <table class="vars" id="v1765042064256">
              <thead>
                <tr>
                  <th scope="col">Variable</th>
                  <th scope="col">Value</th>
                </tr>
              </thead>
              <tbody>
                
                  <tr>
                    <td>request</td>
                    <td class="code"><pre>&lt;WSGIRequest: POST &#x27;/api/auth/login/&#x27;&gt;</pre></td>
                  </tr>
                
                  <tr>
                    <td>self</td>
                    <td class="code"><pre>&lt;CommonMiddleware get_response=convert_exception_to_response.&lt;locals&gt;.inner&gt;</pre></td>
                  </tr>
                
                  <tr>
                    <td>user_agent</td>
                    <td class="code"><pre>None</pre></td>
                  </tr>
                
              </tbody>
            </table>
            </details>
          
        </li>
      
        
        <li class="frame django">
          
            <code class="fname">C:\Users\deepa\.gemini\antigravity\scratch\venv\Lib\site-packages\django\http\request.py</code>, line 206, in get_host
          

          
            <div class="context" id="c1765042061760">
              
                <ol start="199" class="pre-context" id="pre1765042061760">
                
                  <li onclick="toggle('pre1765042061760', 'post1765042061760')"><pre>            msg = &quot;Invalid HTTP_HOST header: %r.&quot; % host</pre></li>
                
                  <li onclick="toggle('pre1765042061760', 'post1765042061760')"><pre>            if domain:</pre></li>
                
                  <li onclick="toggle('pre1765042061760', 'post1765042061760')"><pre>                msg += &quot; You may need to add %r to ALLOWED_HOSTS.&quot; % domain</pre></li>
                
                  <li onclick="toggle('pre1765042061760', 'post1765042061760')"><pre>            else:</pre></li>
                
                  <li onclick="toggle('pre1765042061760', 'post1765042061760')"><pre>                msg += (</pre></li>
                
                  <li onclick="toggle('pre1765042061760', 'post1765042061760')"><pre>                    &quot; The domain name provided is not valid according to RFC 1034/1035.&quot;</pre></li>
                
                  <li onclick="toggle('pre1765042061760', 'post1765042061760')"><pre>                )</pre></li>
                
                </ol>
              
              <ol start="206" class="context-line">
                <li onclick="toggle('pre1765042061760', 'post1765042061760')"><pre>            raise DisallowedHost(msg)
                 ^^^^^^^^^^^^^^^^^^^^^^^^^</pre> <span>…</span></li>
              </ol>
              
                <ol start='207' class="post-context" id="post1765042061760">
                  
                  <li onclick="toggle('pre1765042061760', 'post1765042061760')"><pre></pre></li>
                  
                  <li onclick="toggle('pre1765042061760', 'post1765042061760')"><pre>    def get_port(self):</pre></li>
                  
                  <li onclick="toggle('pre1765042061760', 'post1765042061760')"><pre>        &quot;&quot;&quot;Return the port number for the request as a string.&quot;&quot;&quot;</pre></li>
                  
                  <li onclick="toggle('pre1765042061760', 'post1765042061760')"><pre>        if settings.USE_X_FORWARDED_PORT and &quot;HTTP_X_FORWARDED_PORT&quot; in self.META:</pre></li>
                  
                  <li onclick="toggle('pre1765042061760', 'post1765042061760')"><pre>            port = self.META[&quot;HTTP_X_FORWARDED_PORT&quot;]</pre></li>
                  
                  <li onclick="toggle('pre1765042061760', 'post1765042061760')"><pre>        else:</pre></li>
                  
              </ol>
              
            </div>
          

          
            
              <details>
                <summary class="commands">Local vars</summary>
            
            <table class="vars" id="v1765042061760">
              <thead>
                <tr>
                  <th scope="col">Variable</th>
                  <th scope="col">Value</th>
                </tr>
              </thead>
              <tbody>
                
                  <tr>
                    <td>allowed_hosts</td>
                    <td class="code"><pre>[&#x27;.localhost&#x27;, &#x27;127.0.0.1&#x27;, &#x27;[::1]&#x27;]</pre></td>
                  </tr>
                
                  <tr>
                    <td>domain</td>
                    <td class="code"><pre>&#x27;testserver&#x27;</pre></td>
                  </tr>
                
                  <tr>
                    <td>host</td>
                    <td class="code"><pre>&#x27;testserver&#x27;</pre></td>
                  </tr>
                
                  <tr>
                    <td>msg</td>
                    <td class="code"><pre>(&quot;Invalid HTTP_HOST header: &#x27;testserver&#x27;. You may need to add &#x27;testserver&#x27; to &quot;
 &#x27;ALLOWED_HOSTS.&#x27;)</pre></td>
                  </tr>
                
                  <tr>
                    <td>port</td>
                    <td class="code"><pre>&#x27;&#x27;</pre></td>
                  </tr>
                
                  <tr>
                    <td>self</td>
                    <td class="code"><pre>&lt;WSGIRequest: POST &#x27;/api/auth/login/&#x27;&gt;</pre></td>
                  </tr>
                
              </tbody>
            </table>
            </details>
          
        </li>
      
    </ul>
  </div>

  <form action="https://dpaste.com/" name="pasteform" id="pasteform" method="post">
  <div id="pastebinTraceback" class="pastebin">
    <input type="hidden" name="language" value="PythonConsole">
    <input type="hidden" name="title"
      value="DisallowedHost at /api/auth/login/">
    <input type="hidden" name="source" value="Django Dpaste Agent">
    <input type="hidden" name="poster" value="Django">
    <textarea name="content" id="traceback_area" cols="140" rows="25">
Environment:


Request Method: POST
Request URL: http://testserver/api/auth/login/

Django Version: 6.0.7
Python Version: 3.12.5
Installed Applications:
[&#x27;django.contrib.admin&#x27;,
 &#x27;django.contrib.auth&#x27;,
 &#x27;django.contrib.contenttypes&#x27;,
 &#x27;django.contrib.sessions&#x27;,
 &#x27;django.contrib.messages&#x27;,
 &#x27;django.contrib.staticfiles&#x27;,
 &#x27;corsheaders&#x27;,
 &#x27;rest_framework&#x27;,
 &#x27;rest_framework.authtoken&#x27;,
 &#x27;api&#x27;]
Installed Middleware:
[&#x27;corsheaders.middleware.CorsMiddleware&#x27;,
 &#x27;django.middleware.security.SecurityMiddleware&#x27;,
 &#x27;django.contrib.sessions.middleware.SessionMiddleware&#x27;,
 &#x27;django.middleware.common.CommonMiddleware&#x27;,
 &#x27;django.middleware.csrf.CsrfViewMiddleware&#x27;,
 &#x27;django.contrib.auth.middleware.AuthenticationMiddleware&#x27;,
 &#x27;django.contrib.messages.middleware.MessageMiddleware&#x27;,
 &#x27;django.middleware.clickjacking.XFrameOptionsMiddleware&#x27;]



Traceback (most recent call last):
  File "C:\Users\deepa\.gemini\antigravity\scratch\venv\Lib\site-packages\django\core\handlers\exception.py", line 55, in inner
    response = get_response(request)
               ^^^^^^^^^^^^^^^^^^^^^
  File "C:\Users\deepa\.gemini\antigravity\scratch\venv\Lib\site-packages\django\utils\deprecation.py", line 308, in __call__
    response = self.process_request(request)
               ^^^^^^^^^^^^^^^^^^^^^^^^^^^^^
  File "C:\Users\deepa\.gemini\antigravity\scratch\venv\Lib\site-packages\django\middleware\common.py", line 48, in process_request
    host = request.get_host()
           ^^^^^^^^^^^^^^^^^^
  File "C:\Users\deepa\.gemini\antigravity\scratch\venv\Lib\site-packages\django\http\request.py", line 206, in get_host
    raise DisallowedHost(msg)
    ^^^^^^^^^^^^^^^^^^^^^^^^^

Exception Type: DisallowedHost at /api/auth/login/
Exception Value: Invalid HTTP_HOST header: &#x27;testserver&#x27;. You may need to add &#x27;testserver&#x27; to ALLOWED_HOSTS.
</textarea>
  <br><br>
  <input type="submit" value="Share this traceback on a public website">
  </div>
</form>

</div>


<div id="requestinfo">
  <h2>Request information</h2>


  
    <h3 id="user-info">USER</h3>
    <p>[unable to retrieve the current user]</p>
  

  <h3 id="get-info">GET</h3>
  
    <p>No GET data</p>
  

  <h3 id="post-info">POST</h3>
  
    <p>No POST data</p>
  

  <h3 id="files-info">FILES</h3>
  
    <p>No FILES data</p>
  

  <h3 id="cookie-info">COOKIES</h3>
  
    <p>No cookie data</p>
  

  <h3 id="meta-info">META</h3>
  <table class="req">
    <thead>
      <tr>
        <th scope="col">Variable</th>
        <th scope="col">Value</th>
      </tr>
    </thead>
    <tbody>
      
        <tr>
          <td>CONTENT_LENGTH</td>
          <td class="code"><pre>&#x27;62&#x27;</pre></td>
        </tr>
      
        <tr>
          <td>CONTENT_TYPE</td>
          <td class="code"><pre>&#x27;application/json&#x27;</pre></td>
        </tr>
      
        <tr>
          <td>HTTP_COOKIE</td>
          <td class="code"><pre>&#x27;********************&#x27;</pre></td>
        </tr>
      
        <tr>
          <td>PATH_INFO</td>
          <td class="code"><pre>&#x27;/api/auth/login/&#x27;</pre></td>
        </tr>
      
        <tr>
          <td>QUERY_STRING</td>
          <td class="code"><pre>&#x27;&#x27;</pre></td>
        </tr>
      
        <tr>
          <td>REMOTE_ADDR</td>
          <td class="code"><pre>&#x27;127.0.0.1&#x27;</pre></td>
        </tr>
      
        <tr>
          <td>REQUEST_METHOD</td>
          <td class="code"><pre>&#x27;POST&#x27;</pre></td>
        </tr>
      
        <tr>
          <td>SCRIPT_NAME</td>
          <td class="code"><pre>&#x27;&#x27;</pre></td>
        </tr>
      
        <tr>
          <td>SERVER_NAME</td>
          <td class="code"><pre>&#x27;testserver&#x27;</pre></td>
        </tr>
      
        <tr>
          <td>SERVER_PORT</td>
          <td class="code"><pre>&#x27;80&#x27;</pre></td>
        </tr>
      
        <tr>
          <td>SERVER_PROTOCOL</td>
          <td class="code"><pre>&#x27;HTTP/1.1&#x27;</pre></td>
        </tr>
      
        <tr>
          <td>wsgi.errors</td>
          <td class="code"><pre>&lt;_io.BytesIO object at 0x0000019AF471EF70&gt;</pre></td>
        </tr>
      
        <tr>
          <td>wsgi.input</td>
          <td class="code"><pre>&lt;django.test.client.FakePayload object at 0x0000019AF48DEF50&gt;</pre></td>
        </tr>
      
        <tr>
          <td>wsgi.multiprocess</td>
          <td class="code"><pre>True</pre></td>
        </tr>
      
        <tr>
          <td>wsgi.multithread</td>
          <td class="code"><pre>False</pre></td>
        </tr>
      
        <tr>
          <td>wsgi.run_once</td>
          <td class="code"><pre>False</pre></td>
        </tr>
      
        <tr>
          <td>wsgi.url_scheme</td>
          <td class="code"><pre>&#x27;http&#x27;</pre></td>
        </tr>
      
        <tr>
          <td>wsgi.version</td>
          <td class="code"><pre>(1, 0)</pre></td>
        </tr>
      
    </tbody>
  </table>


  <h3 id="settings-info">Settings</h3>
  <h4>Using settings module <code>microintern_backend.settings</code></h4>
  <table class="req">
    <thead>
      <tr>
        <th scope="col">Setting</th>
        <th scope="col">Value</th>
      </tr>
    </thead>
    <tbody>
      
        <tr>
          <td>ABSOLUTE_URL_OVERRIDES</td>
          <td class="code"><pre>{}</pre></td>
        </tr>
      
        <tr>
          <td>ADMINS</td>
          <td class="code"><pre>[]</pre></td>
        </tr>
      
        <tr>
          <td>ALLOWED_HOSTS</td>
          <td class="code"><pre>[]</pre></td>
        </tr>
      
        <tr>
          <td>APPEND_SLASH</td>
          <td class="code"><pre>True</pre></td>
        </tr>
      
        <tr>
          <td>AUTHENTICATION_BACKENDS</td>
          <td class="code"><pre>&#x27;********************&#x27;</pre></td>
        </tr>
      
        <tr>
          <td>AUTH_PASSWORD_VALIDATORS</td>
          <td class="code"><pre>&#x27;********************&#x27;</pre></td>
        </tr>
      
        <tr>
          <td>AUTH_USER_MODEL</td>
          <td class="code"><pre>&#x27;********************&#x27;</pre></td>
        </tr>
      
        <tr>
          <td>BASE_DIR</td>
          <td class="code"><pre>WindowsPath(&#x27;C:/Users/deepa/.gemini/antigravity/scratch/backend&#x27;)</pre></td>
        </tr>
      
        <tr>
          <td>CACHES</td>
          <td class="code"><pre>{&#x27;default&#x27;: {&#x27;BACKEND&#x27;: &#x27;django.core.cache.backends.locmem.LocMemCache&#x27;}}</pre></td>
        </tr>
      
        <tr>
          <td>CACHE_MIDDLEWARE_ALIAS</td>
          <td class="code"><pre>&#x27;default&#x27;</pre></td>
        </tr>
      
        <tr>
          <td>CACHE_MIDDLEWARE_KEY_PREFIX</td>
          <td class="code"><pre>&#x27;********************&#x27;</pre></td>
        </tr>
      
        <tr>
          <td>CACHE_MIDDLEWARE_SECONDS</td>
          <td class="code"><pre>600</pre></td>
        </tr>
      
        <tr>
          <td>CORS_ALLOW_ALL_ORIGINS</td>
          <td class="code"><pre>True</pre></td>
        </tr>
      
        <tr>
          <td>CSRF_COOKIE_AGE</td>
          <td class="code"><pre>31449600</pre></td>
        </tr>
      
        <tr>
          <td>CSRF_COOKIE_DOMAIN</td>
          <td class="code"><pre>None</pre></td>
        </tr>
      
        <tr>
          <td>CSRF_COOKIE_HTTPONLY</td>
          <td class="code"><pre>False</pre></td>
        </tr>
      
        <tr>
          <td>CSRF_COOKIE_NAME</td>
          <td class="code"><pre>&#x27;csrftoken&#x27;</pre></td>
        </tr>
      
        <tr>
          <td>CSRF_COOKIE_PATH</td>
          <td class="code"><pre>&#x27;/&#x27;</pre></td>
        </tr>
      
        <tr>
          <td>CSRF_COOKIE_SAMESITE</td>
          <td class="code"><pre>&#x27;Lax&#x27;</pre></td>
        </tr>
      
        <tr>
          <td>CSRF_COOKIE_SECURE</td>
          <td class="code"><pre>False</pre></td>
        </tr>
      
        <tr>
          <td>CSRF_FAILURE_VIEW</td>
          <td class="code"><pre>&#x27;django.views.csrf.csrf_failure&#x27;</pre></td>
        </tr>
      
        <tr>
          <td>CSRF_HEADER_NAME</td>
          <td class="code"><pre>&#x27;HTTP_X_CSRFTOKEN&#x27;</pre></td>
        </tr>
      
        <tr>
          <td>CSRF_TRUSTED_ORIGINS</td>
          <td class="code"><pre>[]</pre></td>
        </tr>
      
        <tr>
          <td>CSRF_USE_SESSIONS</td>
          <td class="code"><pre>False</pre></td>
        </tr>
      
        <tr>
          <td>DATABASES</td>
          <td class="code"><pre>{&#x27;default&#x27;: {&#x27;ATOMIC_REQUESTS&#x27;: False,
             &#x27;AUTOCOMMIT&#x27;: True,
             &#x27;CONN_HEALTH_CHECKS&#x27;: False,
             &#x27;CONN_MAX_AGE&#x27;: 0,
             &#x27;ENGINE&#x27;: &#x27;django.db.backends.sqlite3&#x27;,
             &#x27;HOST&#x27;: &#x27;&#x27;,
             &#x27;NAME&#x27;: WindowsPath(&#x27;C:/Users/deepa/.gemini/antigravity/scratch/backend/db.sqlite3&#x27;),
             &#x27;OPTIONS&#x27;: {},
             &#x27;PASSWORD&#x27;: &#x27;********************&#x27;,
             &#x27;PORT&#x27;: &#x27;&#x27;,
             &#x27;TEST&#x27;: {&#x27;CHARSET&#x27;: None,
                      &#x27;COLLATION&#x27;: None,
                      &#x27;MIGRATE&#x27;: True,
                      &#x27;MIRROR&#x27;: None,
                      &#x27;NAME&#x27;: None},
             &#x27;TIME_ZONE&#x27;: None,
             &#x27;USER&#x27;: &#x27;&#x27;}}</pre></td>
        </tr>
      
        <tr>
          <td>DATABASE_ROUTERS</td>
          <td class="code"><pre>[]</pre></td>
        </tr>
      
        <tr>
          <td>DATA_UPLOAD_MAX_MEMORY_SIZE</td>
          <td class="code"><pre>2621440</pre></td>
        </tr>
      
        <tr>
          <td>DATA_UPLOAD_MAX_NUMBER_FIELDS</td>
          <td class="code"><pre>1000</pre></td>
        </tr>
      
        <tr>
          <td>DATA_UPLOAD_MAX_NUMBER_FILES</td>
          <td class="code"><pre>100</pre></td>
        </tr>
      
        <tr>
          <td>DATETIME_FORMAT</td>
          <td class="code"><pre>&#x27;N j, Y, P&#x27;</pre></td>
        </tr>
      
        <tr>
          <td>DATETIME_INPUT_FORMATS</td>
          <td class="code"><pre>[&#x27;%Y-%m-%d %H:%M:%S&#x27;,
 &#x27;%Y-%m-%d %H:%M:%S.%f&#x27;,
 &#x27;%Y-%m-%d %H:%M&#x27;,
 &#x27;%m/%d/%Y %H:%M:%S&#x27;,
 &#x27;%m/%d/%Y %H:%M:%S.%f&#x27;,
 &#x27;%m/%d/%Y %H:%M&#x27;,
 &#x27;%m/%d/%y %H:%M:%S&#x27;,
 &#x27;%m/%d/%y %H:%M:%S.%f&#x27;,
 &#x27;%m/%d/%y %H:%M&#x27;]</pre></td>
        </tr>
      
        <tr>
          <td>DATE_FORMAT</td>
          <td class="code"><pre>&#x27;N j, Y&#x27;</pre></td>
        </tr>
      
        <tr>
          <td>DATE_INPUT_FORMATS</td>
          <td class="code"><pre>[&#x27;%Y-%m-%d&#x27;,
 &#x27;%m/%d/%Y&#x27;,
 &#x27;%m/%d/%y&#x27;,
 &#x27;%b %d %Y&#x27;,
 &#x27;%b %d, %Y&#x27;,
 &#x27;%d %b %Y&#x27;,
 &#x27;%d %b, %Y&#x27;,
 &#x27;%B %d %Y&#x27;,
 &#x27;%B %d, %Y&#x27;,
 &#x27;%d %B %Y&#x27;,
 &#x27;%d %B, %Y&#x27;]</pre></td>
        </tr>
      
        <tr>
          <td>DEBUG</td>
          <td class="code"><pre>True</pre></td>
        </tr>
      
        <tr>
          <td>DEBUG_PROPAGATE_EXCEPTIONS</td>
          <td class="code"><pre>False</pre></td>
        </tr>
      
        <tr>
          <td>DECIMAL_SEPARATOR</td>
          <td class="code"><pre>&#x27;.&#x27;</pre></td>
        </tr>
      
        <tr>
          <td>DEFAULT_AUTO_FIELD</td>
          <td class="code"><pre>&#x27;django.db.models.BigAutoField&#x27;</pre></td>
        </tr>
      
        <tr>
          <td>DEFAULT_CHARSET</td>
          <td class="code"><pre>&#x27;utf-8&#x27;</pre></td>
        </tr>
      
        <tr>
          <td>DEFAULT_EXCEPTION_REPORTER</td>
          <td class="code"><pre>&#x27;django.views.debug.ExceptionReporter&#x27;</pre></td>
        </tr>
      
        <tr>
          <td>DEFAULT_EXCEPTION_REPORTER_FILTER</td>
          <td class="code"><pre>&#x27;django.views.debug.SafeExceptionReporterFilter&#x27;</pre></td>
        </tr>
      
        <tr>
          <td>DEFAULT_FROM_EMAIL</td>
          <td class="code"><pre>&#x27;webmaster@localhost&#x27;</pre></td>
        </tr>
      
        <tr>
          <td>DEFAULT_INDEX_TABLESPACE</td>
          <td class="code"><pre>&#x27;&#x27;</pre></td>
        </tr>
      
        <tr>
          <td>DEFAULT_TABLESPACE</td>
          <td class="code"><pre>&#x27;&#x27;</pre></td>
        </tr>
      
        <tr>
          <td>DISALLOWED_USER_AGENTS</td>
          <td class="code"><pre>[]</pre></td>
        </tr>
      
        <tr>
          <td>EMAIL_BACKEND</td>
          <td class="code"><pre>&#x27;django.core.mail.backends.smtp.EmailBackend&#x27;</pre></td>
        </tr>
      
        <tr>
          <td>EMAIL_HOST</td>
          <td class="code"><pre>&#x27;localhost&#x27;</pre></td>
        </tr>
      
        <tr>
          <td>EMAIL_HOST_PASSWORD</td>
          <td class="code"><pre>&#x27;********************&#x27;</pre></td>
        </tr>
      
        <tr>
          <td>EMAIL_HOST_USER</td>
          <td class="code"><pre>&#x27;&#x27;</pre></td>
        </tr>
      
        <tr>
          <td>EMAIL_PORT</td>
          <td class="code"><pre>25</pre></td>
        </tr>
      
        <tr>
          <td>EMAIL_SSL_CERTFILE</td>
          <td class="code"><pre>None</pre></td>
        </tr>
      
        <tr>
          <td>EMAIL_SSL_KEYFILE</td>
          <td class="code"><pre>&#x27;********************&#x27;</pre></td>
        </tr>
      
        <tr>
          <td>EMAIL_SUBJECT_PREFIX</td>
          <td class="code"><pre>&#x27;[Django] &#x27;</pre></td>
        </tr>
      
        <tr>
          <td>EMAIL_TIMEOUT</td>
          <td class="code"><pre>None</pre></td>
        </tr>
      
        <tr>
          <td>EMAIL_USE_LOCALTIME</td>
          <td class="code"><pre>False</pre></td>
        </tr>
      
        <tr>
          <td>EMAIL_USE_SSL</td>
          <td class="code"><pre>False</pre></td>
        </tr>
      
        <tr>
          <td>EMAIL_USE_TLS</td>
          <td class="code"><pre>False</pre></td>
        </tr>
      
        <tr>
          <td>FILE_UPLOAD_DIRECTORY_PERMISSIONS</td>
          <td class="code"><pre>None</pre></td>
        </tr>
      
        <tr>
          <td>FILE_UPLOAD_HANDLERS</td>
          <td class="code"><pre>[&#x27;django.core.files.uploadhandler.MemoryFileUploadHandler&#x27;,
 &#x27;django.core.files.uploadhandler.TemporaryFileUploadHandler&#x27;]</pre></td>
        </tr>
      
        <tr>
          <td>FILE_UPLOAD_MAX_MEMORY_SIZE</td>
          <td class="code"><pre>2621440</pre></td>
        </tr>
      
        <tr>
          <td>FILE_UPLOAD_PERMISSIONS</td>
          <td class="code"><pre>420</pre></td>
        </tr>
      
        <tr>
          <td>FILE_UPLOAD_TEMP_DIR</td>
          <td class="code"><pre>None</pre></td>
        </tr>
      
        <tr>
          <td>FIRST_DAY_OF_WEEK</td>
          <td class="code"><pre>0</pre></td>
        </tr>
      
        <tr>
          <td>FIXTURE_DIRS</td>
          <td class="code"><pre>[]</pre></td>
        </tr>
      
        <tr>
          <td>FORCE_SCRIPT_NAME</td>
          <td class="code"><pre>None</pre></td>
        </tr>
      
        <tr>
          <td>FORMAT_MODULE_PATH</td>
          <td class="code"><pre>None</pre></td>
        </tr>
      
        <tr>
          <td>FORM_RENDERER</td>
          <td class="code"><pre>&#x27;django.forms.renderers.DjangoTemplates&#x27;</pre></td>
        </tr>
      
        <tr>
          <td>IGNORABLE_404_URLS</td>
          <td class="code"><pre>[]</pre></td>
        </tr>
      
        <tr>
          <td>INSTALLED_APPS</td>
          <td class="code"><pre>[&#x27;django.contrib.admin&#x27;,
 &#x27;django.contrib.auth&#x27;,
 &#x27;django.contrib.contenttypes&#x27;,
 &#x27;django.contrib.sessions&#x27;,
 &#x27;django.contrib.messages&#x27;,
 &#x27;django.contrib.staticfiles&#x27;,
 &#x27;corsheaders&#x27;,
 &#x27;rest_framework&#x27;,
 &#x27;rest_framework.authtoken&#x27;,
 &#x27;api&#x27;]</pre></td>
        </tr>
      
        <tr>
          <td>INTERNAL_IPS</td>
          <td class="code"><pre>[]</pre></td>
        </tr>
      
        <tr>
          <td>LANGUAGES</td>
          <td class="code"><pre>[(&#x27;af&#x27;, &#x27;Afrikaans&#x27;),
 (&#x27;ar&#x27;, &#x27;Arabic&#x27;),
 (&#x27;ar-dz&#x27;, &#x27;Algerian Arabic&#x27;),
 (&#x27;ast&#x27;, &#x27;Asturian&#x27;),
 (&#x27;az&#x27;, &#x27;Azerbaijani&#x27;),
 (&#x27;bg&#x27;, &#x27;Bulgarian&#x27;),
 (&#x27;be&#x27;, &#x27;Belarusian&#x27;),
 (&#x27;bn&#x27;, &#x27;Bengali&#x27;),
 (&#x27;br&#x27;, &#x27;Breton&#x27;),
 (&#x27;bs&#x27;, &#x27;Bosnian&#x27;),
 (&#x27;ca&#x27;, &#x27;Catalan&#x27;),
 (&#x27;ckb&#x27;, &#x27;Central Kurdish (Sorani)&#x27;),
 (&#x27;cs&#x27;, &#x27;Czech&#x27;),
 (&#x27;cy&#x27;, &#x27;Welsh&#x27;),
 (&#x27;da&#x27;, &#x27;Danish&#x27;),
 (&#x27;de&#x27;, &#x27;German&#x27;),
 (&#x27;dsb&#x27;, &#x27;Lower Sorbian&#x27;),
 (&#x27;el&#x27;, &#x27;Greek&#x27;),
 (&#x27;en&#x27;, &#x27;English&#x27;),
 (&#x27;en-au&#x27;, &#x27;Australian English&#x27;),
 (&#x27;en-gb&#x27;, &#x27;British English&#x27;),
 (&#x27;eo&#x27;, &#x27;Esperanto&#x27;),
 (&#x27;es&#x27;, &#x27;Spanish&#x27;),
 (&#x27;es-ar&#x27;, &#x27;Argentinian Spanish&#x27;),
 (&#x27;es-co&#x27;, &#x27;Colombian Spanish&#x27;),
 (&#x27;es-mx&#x27;, &#x27;Mexican Spanish&#x27;),
 (&#x27;es-ni&#x27;, &#x27;Nicaraguan Spanish&#x27;),
 (&#x27;es-ve&#x27;, &#x27;Venezuelan Spanish&#x27;),
 (&#x27;et&#x27;, &#x27;Estonian&#x27;),
 (&#x27;eu&#x27;, &#x27;Basque&#x27;),
 (&#x27;fa&#x27;, &#x27;Persian&#x27;),
 (&#x27;fi&#x27;, &#x27;Finnish&#x27;),
 (&#x27;fr&#x27;, &#x27;French&#x27;),
 (&#x27;fy&#x27;, &#x27;Frisian&#x27;),
 (&#x27;ga&#x27;, &#x27;Irish&#x27;),
 (&#x27;gd&#x27;, &#x27;Scottish Gaelic&#x27;),
 (&#x27;gl&#x27;, &#x27;Galician&#x27;),
 (&#x27;he&#x27;, &#x27;Hebrew&#x27;),
 (&#x27;hi&#x27;, &#x27;Hindi&#x27;),
 (&#x27;hr&#x27;, &#x27;Croatian&#x27;),
 (&#x27;hsb&#x27;, &#x27;Upper Sorbian&#x27;),
 (&#x27;ht&#x27;, &#x27;Haitian Creole&#x27;),
 (&#x27;hu&#x27;, &#x27;Hungarian&#x27;),
 (&#x27;hy&#x27;, &#x27;Armenian&#x27;),
 (&#x27;ia&#x27;, &#x27;Interlingua&#x27;),
 (&#x27;id&#x27;, &#x27;Indonesian&#x27;),
 (&#x27;ig&#x27;, &#x27;Igbo&#x27;),
 (&#x27;io&#x27;, &#x27;Ido&#x27;),
 (&#x27;is&#x27;, &#x27;Icelandic&#x27;),
 (&#x27;it&#x27;, &#x27;Italian&#x27;),
 (&#x27;ja&#x27;, &#x27;Japanese&#x27;),
 (&#x27;ka&#x27;, &#x27;Georgian&#x27;),
 (&#x27;kab&#x27;, &#x27;Kabyle&#x27;),
 (&#x27;kk&#x27;, &#x27;Kazakh&#x27;),
 (&#x27;km&#x27;, &#x27;Khmer&#x27;),
 (&#x27;kn&#x27;, &#x27;Kannada&#x27;),
 (&#x27;ko&#x27;, &#x27;Korean&#x27;),
 (&#x27;ky&#x27;, &#x27;Kyrgyz&#x27;),
 (&#x27;lb&#x27;, &#x27;Luxembourgish&#x27;),
 (&#x27;lt&#x27;, &#x27;Lithuanian&#x27;),
 (&#x27;lv&#x27;, &#x27;Latvian&#x27;),
 (&#x27;mk&#x27;, &#x27;Macedonian&#x27;),
 (&#x27;ml&#x27;, &#x27;Malayalam&#x27;),
 (&#x27;mn&#x27;, &#x27;Mongolian&#x27;),
 (&#x27;mr&#x27;, &#x27;Marathi&#x27;),
 (&#x27;ms&#x27;, &#x27;Malay&#x27;),
 (&#x27;my&#x27;, &#x27;Burmese&#x27;),
 (&#x27;nb&#x27;, &#x27;Norwegian Bokmål&#x27;),
 (&#x27;ne&#x27;, &#x27;Nepali&#x27;),
 (&#x27;nl&#x27;, &#x27;Dutch&#x27;),
 (&#x27;nn&#x27;, &#x27;Norwegian Nynorsk&#x27;),
 (&#x27;os&#x27;, &#x27;Ossetic&#x27;),
 (&#x27;pa&#x27;, &#x27;Punjabi&#x27;),
 (&#x27;pl&#x27;, &#x27;Polish&#x27;),
 (&#x27;pt&#x27;, &#x27;Portuguese&#x27;),
 (&#x27;pt-br&#x27;, &#x27;Brazilian Portuguese&#x27;),
 (&#x27;ro&#x27;, &#x27;Romanian&#x27;),
 (&#x27;ru&#x27;, &#x27;Russian&#x27;),
 (&#x27;sk&#x27;, &#x27;Slovak&#x27;),
 (&#x27;sl&#x27;, &#x27;Slovenian&#x27;),
 (&#x27;sq&#x27;, &#x27;Albanian&#x27;),
 (&#x27;sr&#x27;, &#x27;Serbian&#x27;),
 (&#x27;sr-latn&#x27;, &#x27;Serbian Latin&#x27;),
 (&#x27;sv&#x27;, &#x27;Swedish&#x27;),
 (&#x27;sw&#x27;, &#x27;Swahili&#x27;),
 (&#x27;ta&#x27;, &#x27;Tamil&#x27;),
 (&#x27;te&#x27;, &#x27;Telugu&#x27;),
 (&#x27;tg&#x27;, &#x27;Tajik&#x27;),
 (&#x27;th&#x27;, &#x27;Thai&#x27;),
 (&#x27;tk&#x27;, &#x27;Turkmen&#x27;),
 (&#x27;tr&#x27;, &#x27;Turkish&#x27;),
 (&#x27;tt&#x27;, &#x27;Tatar&#x27;),
 (&#x27;udm&#x27;, &#x27;Udmurt&#x27;),
 (&#x27;ug&#x27;, &#x27;Uyghur&#x27;),
 (&#x27;uk&#x27;, &#x27;Ukrainian&#x27;),
 (&#x27;ur&#x27;, &#x27;Urdu&#x27;),
 (&#x27;uz&#x27;, &#x27;Uzbek&#x27;),
 (&#x27;vi&#x27;, &#x27;Vietnamese&#x27;),
 (&#x27;zh-hans&#x27;, &#x27;Simplified Chinese&#x27;),
 (&#x27;zh-hant&#x27;, &#x27;Traditional Chinese&#x27;)]</pre></td>
        </tr>
      
        <tr>
          <td>LANGUAGES_BIDI</td>
          <td class="code"><pre>[&#x27;he&#x27;, &#x27;ar&#x27;, &#x27;ar-dz&#x27;, &#x27;ckb&#x27;, &#x27;fa&#x27;, &#x27;ug&#x27;, &#x27;ur&#x27;]</pre></td>
        </tr>
      
        <tr>
          <td>LANGUAGE_CODE</td>
          <td class="code"><pre>&#x27;en-us&#x27;</pre></td>
        </tr>
      
        <tr>
          <td>LANGUAGE_COOKIE_AGE</td>
          <td class="code"><pre>None</pre></td>
        </tr>
      
        <tr>
          <td>LANGUAGE_COOKIE_DOMAIN</td>
          <td class="code"><pre>None</pre></td>
        </tr>
      
        <tr>
          <td>LANGUAGE_COOKIE_HTTPONLY</td>
          <td class="code"><pre>False</pre></td>
        </tr>
      
        <tr>
          <td>LANGUAGE_COOKIE_NAME</td>
          <td class="code"><pre>&#x27;django_language&#x27;</pre></td>
        </tr>
      
        <tr>
          <td>LANGUAGE_COOKIE_PATH</td>
          <td class="code"><pre>&#x27;/&#x27;</pre></td>
        </tr>
      
        <tr>
          <td>LANGUAGE_COOKIE_SAMESITE</td>
          <td class="code"><pre>None</pre></td>
        </tr>
      
        <tr>
          <td>LANGUAGE_COOKIE_SECURE</td>
          <td class="code"><pre>False</pre></td>
        </tr>
      
        <tr>
          <td>LOCALE_PATHS</td>
          <td class="code"><pre>[]</pre></td>
        </tr>
      
        <tr>
          <td>LOGGING</td>
          <td class="code"><pre>{}</pre></td>
        </tr>
      
        <tr>
          <td>LOGGING_CONFIG</td>
          <td class="code"><pre>&#x27;logging.config.dictConfig&#x27;</pre></td>
        </tr>
      
        <tr>
          <td>LOGIN_REDIRECT_URL</td>
          <td class="code"><pre>&#x27;/accounts/profile/&#x27;</pre></td>
        </tr>
      
        <tr>
          <td>LOGIN_URL</td>
          <td class="code"><pre>&#x27;/accounts/login/&#x27;</pre></td>
        </tr>
      
        <tr>
          <td>LOGOUT_REDIRECT_URL</td>
          <td class="code"><pre>None</pre></td>
        </tr>
      
        <tr>
          <td>MANAGERS</td>
          <td class="code"><pre>[]</pre></td>
        </tr>
      
        <tr>
          <td>MEDIA_ROOT</td>
          <td class="code"><pre>&#x27;&#x27;</pre></td>
        </tr>
      
        <tr>
          <td>MEDIA_URL</td>
          <td class="code"><pre>&#x27;/&#x27;</pre></td>
        </tr>
      
        <tr>
          <td>MESSAGE_STORAGE</td>
          <td class="code"><pre>&#x27;django.contrib.messages.storage.fallback.FallbackStorage&#x27;</pre></td>
        </tr>
      
        <tr>
          <td>MIDDLEWARE</td>
          <td class="code"><pre>[&#x27;corsheaders.middleware.CorsMiddleware&#x27;,
 &#x27;django.middleware.security.SecurityMiddleware&#x27;,
 &#x27;django.contrib.sessions.middleware.SessionMiddleware&#x27;,
 &#x27;django.middleware.common.CommonMiddleware&#x27;,
 &#x27;django.middleware.csrf.CsrfViewMiddleware&#x27;,
 &#x27;django.contrib.auth.middleware.AuthenticationMiddleware&#x27;,
 &#x27;django.contrib.messages.middleware.MessageMiddleware&#x27;,
 &#x27;django.middleware.clickjacking.XFrameOptionsMiddleware&#x27;]</pre></td>
        </tr>
      
        <tr>
          <td>MIGRATION_MODULES</td>
          <td class="code"><pre>{}</pre></td>
        </tr>
      
        <tr>
          <td>MONTH_DAY_FORMAT</td>
          <td class="code"><pre>&#x27;F j&#x27;</pre></td>
        </tr>
      
        <tr>
          <td>NUMBER_GROUPING</td>
          <td class="code"><pre>0</pre></td>
        </tr>
      
        <tr>
          <td>PASSWORD_HASHERS</td>
          <td class="code"><pre>&#x27;********************&#x27;</pre></td>
        </tr>
      
        <tr>
          <td>PASSWORD_RESET_TIMEOUT</td>
          <td class="code"><pre>&#x27;********************&#x27;</pre></td>
        </tr>
      
        <tr>
          <td>PREPEND_WWW</td>
          <td class="code"><pre>False</pre></td>
        </tr>
      
        <tr>
          <td>REST_FRAMEWORK</td>
          <td class="code"><pre>{&#x27;DEFAULT_AUTHENTICATION_CLASSES&#x27;: &#x27;********************&#x27;}</pre></td>
        </tr>
      
        <tr>
          <td>ROOT_URLCONF</td>
          <td class="code"><pre>&#x27;microintern_backend.urls&#x27;</pre></td>
        </tr>
      
        <tr>
          <td>SECRET_KEY</td>
          <td class="code"><pre>&#x27;********************&#x27;</pre></td>
        </tr>
      
        <tr>
          <td>SECRET_KEY_FALLBACKS</td>
          <td class="code"><pre>&#x27;********************&#x27;</pre></td>
        </tr>
      
        <tr>
          <td>SECURE_CONTENT_TYPE_NOSNIFF</td>
          <td class="code"><pre>True</pre></td>
        </tr>
      
        <tr>
          <td>SECURE_CROSS_ORIGIN_OPENER_POLICY</td>
          <td class="code"><pre>&#x27;same-origin&#x27;</pre></td>
        </tr>
      
        <tr>
          <td>SECURE_CSP</td>
          <td class="code"><pre>{}</pre></td>
        </tr>
      
        <tr>
          <td>SECURE_CSP_REPORT_ONLY</td>
          <td class="code"><pre>{}</pre></td>
        </tr>
      
        <tr>
          <td>SECURE_HSTS_INCLUDE_SUBDOMAINS</td>
          <td class="code"><pre>False</pre></td>
        </tr>
      
        <tr>
          <td>SECURE_HSTS_PRELOAD</td>
          <td class="code"><pre>False</pre></td>
        </tr>
      
        <tr>
          <td>SECURE_HSTS_SECONDS</td>
          <td class="code"><pre>0</pre></td>
        </tr>
      
        <tr>
          <td>SECURE_PROXY_SSL_HEADER</td>
          <td class="code"><pre>None</pre></td>
        </tr>
      
        <tr>
          <td>SECURE_REDIRECT_EXEMPT</td>
          <td class="code"><pre>[]</pre></td>
        </tr>
      
        <tr>
          <td>SECURE_REFERRER_POLICY</td>
          <td class="code"><pre>&#x27;same-origin&#x27;</pre></td>
        </tr>
      
        <tr>
          <td>SECURE_SSL_HOST</td>
          <td class="code"><pre>None</pre></td>
        </tr>
      
        <tr>
          <td>SECURE_SSL_REDIRECT</td>
          <td class="code"><pre>False</pre></td>
        </tr>
      
        <tr>
          <td>SERVER_EMAIL</td>
          <td class="code"><pre>&#x27;root@localhost&#x27;</pre></td>
        </tr>
      
        <tr>
          <td>SESSION_CACHE_ALIAS</td>
          <td class="code"><pre>&#x27;default&#x27;</pre></td>
        </tr>
      
        <tr>
          <td>SESSION_COOKIE_AGE</td>
          <td class="code"><pre>1209600</pre></td>
        </tr>
      
        <tr>
          <td>SESSION_COOKIE_DOMAIN</td>
          <td class="code"><pre>None</pre></td>
        </tr>
      
        <tr>
          <td>SESSION_COOKIE_HTTPONLY</td>
          <td class="code"><pre>True</pre></td>
        </tr>
      
        <tr>
          <td>SESSION_COOKIE_NAME</td>
          <td class="code"><pre>&#x27;sessionid&#x27;</pre></td>
        </tr>
      
        <tr>
          <td>SESSION_COOKIE_PATH</td>
          <td class="code"><pre>&#x27;/&#x27;</pre></td>
        </tr>
      
        <tr>
          <td>SESSION_COOKIE_SAMESITE</td>
          <td class="code"><pre>&#x27;Lax&#x27;</pre></td>
        </tr>
      
        <tr>
          <td>SESSION_COOKIE_SECURE</td>
          <td class="code"><pre>False</pre></td>
        </tr>
      
        <tr>
          <td>SESSION_ENGINE</td>
          <td class="code"><pre>&#x27;django.contrib.sessions.backends.db&#x27;</pre></td>
        </tr>
      
        <tr>
          <td>SESSION_EXPIRE_AT_BROWSER_CLOSE</td>
          <td class="code"><pre>False</pre></td>
        </tr>
      
        <tr>
          <td>SESSION_FILE_PATH</td>
          <td class="code"><pre>None</pre></td>
        </tr>
      
        <tr>
          <td>SESSION_SAVE_EVERY_REQUEST</td>
          <td class="code"><pre>False</pre></td>
        </tr>
      
        <tr>
          <td>SESSION_SERIALIZER</td>
          <td class="code"><pre>&#x27;django.contrib.sessions.serializers.JSONSerializer&#x27;</pre></td>
        </tr>
      
        <tr>
          <td>SETTINGS_MODULE</td>
          <td class="code"><pre>&#x27;microintern_backend.settings&#x27;</pre></td>
        </tr>
      
        <tr>
          <td>SHORT_DATETIME_FORMAT</td>
          <td class="code"><pre>&#x27;m/d/Y P&#x27;</pre></td>
        </tr>
      
        <tr>
          <td>SHORT_DATE_FORMAT</td>
          <td class="code"><pre>&#x27;m/d/Y&#x27;</pre></td>
        </tr>
      
        <tr>
          <td>SIGNED_COOKIE_LEGACY_SALT_FALLBACK</td>
          <td class="code"><pre>True</pre></td>
        </tr>
      
        <tr>
          <td>SIGNING_BACKEND</td>
          <td class="code"><pre>&#x27;django.core.signing.TimestampSigner&#x27;</pre></td>
        </tr>
      
        <tr>
          <td>SILENCED_SYSTEM_CHECKS</td>
          <td class="code"><pre>[]</pre></td>
        </tr>
      
        <tr>
          <td>STATICFILES_DIRS</td>
          <td class="code"><pre>[]</pre></td>
        </tr>
      
        <tr>
          <td>STATICFILES_FINDERS</td>
          <td class="code"><pre>[&#x27;django.contrib.staticfiles.finders.FileSystemFinder&#x27;,
 &#x27;django.contrib.staticfiles.finders.AppDirectoriesFinder&#x27;]</pre></td>
        </tr>
      
        <tr>
          <td>STATIC_ROOT</td>
          <td class="code"><pre>None</pre></td>
        </tr>
      
        <tr>
          <td>STATIC_URL</td>
          <td class="code"><pre>&#x27;/static/&#x27;</pre></td>
        </tr>
      
        <tr>
          <td>STORAGES</td>
          <td class="code"><pre>{&#x27;default&#x27;: {&#x27;BACKEND&#x27;: &#x27;django.core.files.storage.FileSystemStorage&#x27;},
 &#x27;staticfiles&#x27;: {&#x27;BACKEND&#x27;: &#x27;django.contrib.staticfiles.storage.StaticFilesStorage&#x27;}}</pre></td>
        </tr>
      
        <tr>
          <td>TASKS</td>
          <td class="code"><pre>{&#x27;default&#x27;: {&#x27;BACKEND&#x27;: &#x27;django.tasks.backends.immediate.ImmediateBackend&#x27;}}</pre></td>
        </tr>
      
        <tr>
          <td>TEMPLATES</td>
          <td class="code"><pre>[{&#x27;APP_DIRS&#x27;: True,
  &#x27;BACKEND&#x27;: &#x27;django.template.backends.django.DjangoTemplates&#x27;,
  &#x27;DIRS&#x27;: [],
  &#x27;OPTIONS&#x27;: {&#x27;context_processors&#x27;: [&#x27;django.template.context_processors.request&#x27;,
                                     &#x27;django.contrib.auth.context_processors.auth&#x27;,
                                     &#x27;django.contrib.messages.context_processors.messages&#x27;]}}]</pre></td>
        </tr>
      
        <tr>
          <td>TEST_NON_SERIALIZED_APPS</td>
          <td class="code"><pre>[]</pre></td>
        </tr>
      
        <tr>
          <td>TEST_RUNNER</td>
          <td class="code"><pre>&#x27;django.test.runner.DiscoverRunner&#x27;</pre></td>
        </tr>
      
        <tr>
          <td>THOUSAND_SEPARATOR</td>
          <td class="code"><pre>&#x27;,&#x27;</pre></td>
        </tr>
      
        <tr>
          <td>TIME_FORMAT</td>
          <td class="code"><pre>&#x27;P&#x27;</pre></td>
        </tr>
      
        <tr>
          <td>TIME_INPUT_FORMATS</td>
          <td class="code"><pre>[&#x27;%H:%M:%S&#x27;, &#x27;%H:%M:%S.%f&#x27;, &#x27;%H:%M&#x27;]</pre></td>
        </tr>
      
        <tr>
          <td>TIME_ZONE</td>
          <td class="code"><pre>&#x27;UTC&#x27;</pre></td>
        </tr>
      
        <tr>
          <td>URLIZE_ASSUME_HTTPS</td>
          <td class="code"><pre>False</pre></td>
        </tr>
      
        <tr>
          <td>USE_I18N</td>
          <td class="code"><pre>True</pre></td>
        </tr>
      
        <tr>
          <td>USE_THOUSAND_SEPARATOR</td>
          <td class="code"><pre>False</pre></td>
        </tr>
      
        <tr>
          <td>USE_TZ</td>
          <td class="code"><pre>True</pre></td>
        </tr>
      
        <tr>
          <td>USE_X_FORWARDED_HOST</td>
          <td class="code"><pre>False</pre></td>
        </tr>
      
        <tr>
          <td>USE_X_FORWARDED_PORT</td>
          <td class="code"><pre>False</pre></td>
        </tr>
      
        <tr>
          <td>WSGI_APPLICATION</td>
          <td class="code"><pre>&#x27;microintern_backend.wsgi.application&#x27;</pre></td>
        </tr>
      
        <tr>
          <td>X_FRAME_OPTIONS</td>
          <td class="code"><pre>&#x27;DENY&#x27;</pre></td>
        </tr>
      
        <tr>
          <td>YEAR_MONTH_FORMAT</td>
          <td class="code"><pre>&#x27;F Y&#x27;</pre></td>
        </tr>
      
    </tbody>
  </table>

</div>
</main>


  <footer id="explanation">
    <p>
      You’re seeing this error because you have <code>DEBUG = True</code> in your
      Django settings file. Change that to <code>False</code>, and Django will
      display a standard page generated by the handler for this status code.
    </p>
  </footer>

</body>
</html>
